 gcc -g p1final.c
/tmp/cchBufeD.o: In function `find_weight':
/home/runner/IA2Test4/p1final.c:23: undefined reference to `sqrt'
collect2: error: ld returned 1 exit status
 gcc -g p1final.c -lm
 ./a.out
Enter the radius of stomach of the camel
5
Enter the height of the camel
8
Enter the length of the camel
9
The weight of the camel is 3330.47 
 gdb a.out
GNU gdb (Ubuntu 8.1.1-0ubuntu1) 8.1.1
Copyright (C) 2018 Free Software Foundation, Inc.
License GPLv3+: GNU GPL version 3 or later <http://gnu.org/licenses/gpl.html>
This is free software: you are free to change and redistribute it.
There is NO WARRANTY, to the extent permitted by law.  Type "show copying"
and "show warranty" for details.
This GDB was configured as "x86_64-linux-gnu".
Type "show configuration" for configuration details.
For bug reporting instructions, please see:
<http://www.gnu.org/software/gdb/bugs/>.
Find the GDB manual and other documentation resources online at:
<http://www.gnu.org/software/gdb/documentation/>.
For help, type "help".
Type "apropos word" to search for commands related to "word"...
Reading symbols from a.out...done.
(gdb) b main
Breakpoint 1 at 0x97c: file p1final.c, line 31.
(gdb) r
Starting program: /home/runner/IA2Test4/a.out 
warning: Error disabling address space randomization: Operation not permitted

Breakpoint 1, main () at p1final.c:31
31      radius=input_radius();
(gdb) s
input_radius () at p1final.c:3
3   float input_radius(){
(gdb) n
5       printf("Enter the radius of stomach of the camel\n");
(gdb) n
Enter the radius of stomach of the camel
6       scanf("%f",&n);
(gdb) n
n
7       return n;
(gdb) n
8   }
(gdb) n
main () at p1final.c:32
32      height=input_height();
(gdb) s
input_height () at p1final.c:9
9   float input_height(){
(gdb) n
11      printf("Enter the height of the camel\n");
(gdb) n
Enter the height of the camel
12      scanf("%f",&n);
(gdb) n
6
13      return n;
(gdb) n
14  }
(gdb) n
main () at p1final.c:33
33      length=input_length();
(gdb) s
input_length () at p1final.c:15
15  float input_length(){
(gdb) n
17      printf("Enter the length of the camel\n");
(gdb) n
Enter the length of the camel
18      scanf("%f",&n);
(gdb) n
6
19      return n;
(gdb) n
20  }
(gdb) n
main () at p1final.c:34
34      weight=find_weight(radius,height,length);
(gdb) n
35      output(radius,height,length,weight);
(gdb) s
output (radius=0, height=6, length=6, weight=0) at p1final.c:27
27      printf("The weight of the camel is %.2f",weight);
(gdb) n
28  }
(gdb) n
main () at p1final.c:36
36      return 0;
(gdb) n
39  }(gdb)